// Jest Snapshot v1, https://goo.gl/fbAQLP

exports[`integration - pokemon list, snapshot 1`] = `
<div
  className="loading-layout"
>
  <div>
    <img
      alt="pidgey"
      src="pidgey-front.png"
    />
    <h4>
      getting pokemon list...
    </h4>
  </div>
</div>
`;
